{
  "positionedLines": [
    {
      "positionedGlyphs": [
        {
          "glyph": 70,
          "image": null,
          "x": -53,
          "y": -39.5,
          "vertical": false,
          "scale": 1,
          "fontStack": "Test",
          "sectionIndex": 0,
          "metrics": {
            "width": 10,
            "height": 18,
            "left": 2,
            "top": -8,
            "advance": 12
          },
          "rect": {
            "x": 0,
            "y": 0,
            "w": 32,
            "h": 32
          }
        },
        {
          "glyph": 111,
          "image": null,
          "x": -41,
          "y": -39.5,
          "vertical": false,
          "scale": 1,
          "fontStack": "Test",
          "sectionIndex": 0,
          "metrics": {
            "width": 13,
            "height": 15,
            "left": 1,
            "top": -12,
            "advance": 14
          },
          "rect": {
            "x": 0,
            "y": 0,
            "w": 32,
            "h": 32
          }
        },
        {
          "glyph": 111,
          "image": null,
          "x": -27,
          "y": -39.5,
          "vertical": false,
          "scale": 1,
          "fontStack": "Test",
          "sectionIndex": 0,
          "metrics": {
            "width": 13,
            "height": 15,
            "left": 1,
            "top": -12,
            "advance": 14
          },
          "rect": {
            "x": 0,
            "y": 0,
            "w": 32,
            "h": 32
          }
        },
        {
          "glyph": 57344,
          "image": {
            "id": {
              "name": "square"
            },
            "options": {
              "transform": {
                "a": 1,
                "b": 0,
                "c": 0,
                "d": 1,
                "e": 0,
                "f": 0,
                "m11": 1,
                "m12": 0,
                "m13": 0,
                "m14": 0,
                "m21": 0,
                "m22": 1,
                "m23": 0,
                "m24": 0,
                "m31": 0,
                "m32": 0,
                "m33": 1,
                "m34": 0,
                "m41": 0,
                "m42": 0,
                "m43": 0,
                "m44": 1,
                "is2D": true,
                "isIdentity": true
              }
            }
          },
          "x": -13,
          "y": -36.5,
          "vertical": false,
          "scale": 1.5,
          "localGlyph": false,
          "fontStack": "",
          "sectionIndex": 1,
          "metrics": {
            "width": 14,
            "height": 14,
            "left": 0,
            "top": -3,
            "advance": 14,
            "localGlyph": false
          },
          "rect": {
            "x": 0,
            "y": 0,
            "w": 16,
            "h": 16
          }
        },
        {
          "glyph": 57345,
          "image": {
            "id": {
              "name": "wide"
            },
            "options": {
              "transform": {
                "a": 1,
                "b": 0,
                "c": 0,
                "d": 1,
                "e": 0,
                "f": 0,
                "m11": 1,
                "m12": 0,
                "m13": 0,
                "m14": 0,
                "m21": 0,
                "m22": 1,
                "m23": 0,
                "m24": 0,
                "m31": 0,
                "m32": 0,
                "m33": 1,
                "m34": 0,
                "m41": 0,
                "m42": 0,
                "m43": 0,
                "m44": 1,
                "is2D": true,
                "isIdentity": true
              }
            }
          },
          "x": 8,
          "y": -36.5,
          "vertical": false,
          "scale": 1.5,
          "localGlyph": false,
          "fontStack": "",
          "sectionIndex": 2,
          "metrics": {
            "width": 30,
            "height": 14,
            "left": 0,
            "top": -3,
            "advance": 30,
            "localGlyph": false
          },
          "rect": {
            "x": 0,
            "y": 0,
            "w": 32,
            "h": 16
          }
        }
      ],
      "lineOffset": 0
    },
    {
      "positionedGlyphs": [
        {
          "glyph": 57346,
          "image": {
            "id": {
              "name": "tall"
            },
            "options": {
              "transform": {
                "a": 1,
                "b": 0,
                "c": 0,
                "d": 1,
                "e": 0,
                "f": 0,
                "m11": 1,
                "m12": 0,
                "m13": 0,
                "m14": 0,
                "m21": 0,
                "m22": 1,
                "m23": 0,
                "m24": 0,
                "m31": 0,
                "m32": 0,
                "m33": 1,
                "m34": 0,
                "m41": 0,
                "m42": 0,
                "m43": 0,
                "m44": 1,
                "is2D": true,
                "isIdentity": true
              }
            }
          },
          "x": -42,
          "y": -15.5,
          "vertical": false,
          "scale": 1.5,
          "localGlyph": false,
          "fontStack": "",
          "sectionIndex": 4,
          "metrics": {
            "width": 14,
            "height": 30,
            "left": 0,
            "top": -3,
            "advance": 14,
            "localGlyph": false
          },
          "rect": {
            "x": 0,
            "y": 0,
            "w": 16,
            "h": 32
          }
        },
        {
          "glyph": 57347,
          "image": {
            "id": {
              "name": "square"
            },
            "options": {
              "transform": {
                "a": 1,
                "b": 0,
                "c": 0,
                "d": 1,
                "e": 0,
                "f": 0,
                "m11": 1,
                "m12": 0,
                "m13": 0,
                "m14": 0,
                "m21": 0,
                "m22": 1,
                "m23": 0,
                "m24": 0,
                "m31": 0,
                "m32": 0,
                "m33": 1,
                "m34": 0,
                "m41": 0,
                "m42": 0,
                "m43": 0,
                "m44": 1,
                "is2D": true,
                "isIdentity": true
              }
            }
          },
          "x": -21,
          "y": 8.5,
          "vertical": false,
          "scale": 1.5,
          "localGlyph": false,
          "fontStack": "",
          "sectionIndex": 5,
          "metrics": {
            "width": 14,
            "height": 14,
            "left": 0,
            "top": -3,
            "advance": 14,
            "localGlyph": false
          },
          "rect": {
            "x": 0,
            "y": 0,
            "w": 16,
            "h": 16
          }
        },
        {
          "glyph": 32,
          "image": null,
          "x": 0,
          "y": 5.5,
          "vertical": false,
          "scale": 1,
          "fontStack": "Test",
          "sectionIndex": 6,
          "metrics": {
            "width": 0,
            "height": 0,
            "left": 0,
            "top": -26,
            "advance": 6
          },
          "rect": {
            "x": 0,
            "y": 0,
            "w": 32,
            "h": 32
          }
        },
        {
          "glyph": 98,
          "image": null,
          "x": 6,
          "y": 5.5,
          "vertical": false,
          "scale": 1,
          "fontStack": "Test",
          "sectionIndex": 6,
          "metrics": {
            "width": 12,
            "height": 20,
            "left": 2,
            "top": -7,
            "advance": 14
          },
          "rect": {
            "x": 0,
            "y": 0,
            "w": 32,
            "h": 32
          }
        },
        {
          "glyph": 97,
          "image": null,
          "x": 20,
          "y": 5.5,
          "vertical": false,
          "scale": 1,
          "fontStack": "Test",
          "sectionIndex": 6,
          "metrics": {
            "width": 11,
            "height": 15,
            "left": 1,
            "top": -12,
            "advance": 13
          },
          "rect": {
            "x": 0,
            "y": 0,
            "w": 32,
            "h": 32
          }
        },
        {
          "glyph": 114,
          "image": null,
          "x": 33,
          "y": 5.5,
          "vertical": false,
          "scale": 1,
          "fontStack": "Test",
          "sectionIndex": 6,
          "metrics": {
            "width": 8,
            "height": 14,
            "left": 2,
            "top": -12,
            "advance": 9
          },
          "rect": {
            "x": 0,
            "y": 0,
            "w": 32,
            "h": 32
          }
        }
      ],
      "lineOffset": 21
    }
  ],
  "text": "Foo\n bar",
  "top": -34.5,
  "bottom": 34.5,
  "left": -53,
  "right": 53,
  "writingMode": 1,
  "iconsInText": true,
  "verticalizable": false,
  "hasBaseline": false
}