[
  [
    {
      "id": "road_label",
      "bucket": "road_label",
      "type": "symbol"
    },
    {
      "id": "country_label",
      "bucket": "country_label",
      "type": "symbol"
    },
    {
      "id": "poi",
      "bucket": "poi",
      "type": "symbol"
    },
    {
      "id": "borders",
      "bucket": "borders",
      "type": "line"
    },
    {
      "id": "building",
      "bucket": "building",
      "type": "fill"
    }
  ],
  [
    {
      "id": "roads",
      "type": "composite",
      "layers": [
        {
          "id": "road",
          "bucket": "road",
          "type": "line"
        }
      ]
    }
  ],
  [
    {
      "id": "water",
      "bucket": "water",
      "type": "fill"
    },
    {
      "id": "park",
      "bucket": "park",
      "type": "fill"
    }
  ],
  [
    {
      "id": "background",
      "type": "background"
    }
  ]
]