{
  "background": {
    "background-color": [
      0.9333333333333333,
      0.9333333333333333,
      0.9333333333333333,
      1
    ],
    "hidden": false
  },
  "park": {
    "fill-color": [
      0.7333333333333333,
      0.8666666666666667,
      0.6666666666666666,
      1
    ],
    "hidden": false
  },
  "water": {
    "fill-color": [
      0.6,
      0.6,
      0.6,
      1
    ],
    "hidden": false
  },
  "roads": {
    "composite-opacity": 1,
    "hidden": false
  },
  "road": {
    "line-color": [
      0.996078431372549,
      0.996078431372549,
      0.996078431372549,
      1
    ],
    "line-blur": 1,
    "line-width": 1,
    "hidden": false
  },
  "building": {
    "fill-color": [
      0.8666666666666667,
      0.8666666666666667,
      0.8666666666666667,
      1
    ],
    "fill-opacity": 0,
    "fill-outline-color": [
      0.8,
      0.8,
      0.8,
      1
    ],
    "hidden": true
  },
  "borders": {
    "line-color": [
      0,
      0,
      0,
      0.3
    ],
    "line-width": 1,
    "hidden": false
  },
  "poi": {
    "hidden": true
  },
  "country_label": {
    "text-halo-color": [
      0.7,
      0.7,
      0.7,
      0.7
    ],
    "text-halo-width": 0.25,
    "text-color": [
      0,
      0,
      0,
      1
    ],
    "hidden": false,
    "icon-halo-color": [
      0,
      0,
      0,
      0
    ]
  },
  "road_label": {
    "text-color": [
      0,
      0,
      0,
      1
    ],
    "text-halo-color": [
      0.7,
      0.7,
      0.7,
      0.7
    ],
    "text-halo-width": 0.25,
    "text-size": 9.95877695907278,
    "hidden": false,
    "icon-halo-color": [
      0,
      0,
      0,
      0
    ]
  }
}