{
  "positionedLines": [
    {
      "positionedGlyphs": [
        {
          "glyph": 97,
          "imageName": null,
          "x": -32.5,
          "y": -29,
          "vertical": false,
          "scale": 1,
          "fontStack": "Test",
          "sectionIndex": 0,
          "metrics": {
            "width": 11,
            "height": 15,
            "left": 1,
            "top": -12,
            "advance": 13
          },
          "rect": {
            "x": 0,
            "y": 0,
            "w": 32,
            "h": 32
          }
        },
        {
          "glyph": 98,
          "imageName": null,
          "x": -19.5,
          "y": -29,
          "vertical": false,
          "scale": 1,
          "fontStack": "Test",
          "sectionIndex": 0,
          "metrics": {
            "width": 12,
            "height": 20,
            "left": 2,
            "top": -7,
            "advance": 14
          },
          "rect": {
            "x": 0,
            "y": 0,
            "w": 32,
            "h": 32
          }
        },
        {
          "glyph": 99,
          "imageName": null,
          "x": -5.5,
          "y": -29,
          "vertical": false,
          "scale": 1,
          "fontStack": "Test",
          "sectionIndex": 0,
          "metrics": {
            "width": 10,
            "height": 15,
            "left": 1,
            "top": -12,
            "advance": 11
          },
          "rect": {
            "x": 0,
            "y": 0,
            "w": 32,
            "h": 32
          }
        },
        {
          "glyph": 100,
          "imageName": null,
          "x": 5.5,
          "y": -29,
          "vertical": false,
          "scale": 1,
          "fontStack": "Test",
          "sectionIndex": 0,
          "metrics": {
            "width": 12,
            "height": 20,
            "left": 1,
            "top": -7,
            "advance": 14
          },
          "rect": {
            "x": 0,
            "y": 0,
            "w": 32,
            "h": 32
          }
        },
        {
          "glyph": 101,
          "imageName": null,
          "x": 19.5,
          "y": -29,
          "vertical": false,
          "scale": 1,
          "fontStack": "Test",
          "sectionIndex": 0,
          "metrics": {
            "width": 12,
            "height": 15,
            "left": 1,
            "top": -12,
            "advance": 13
          },
          "rect": {
            "x": 0,
            "y": 0,
            "w": 32,
            "h": 32
          }
        }
      ],
      "lineOffset": 0
    },
    {
      "positionedGlyphs": [
        {
          "glyph": 97,
          "imageName": null,
          "x": -32.5,
          "y": -5,
          "vertical": false,
          "scale": 1,
          "fontStack": "Test",
          "sectionIndex": 0,
          "metrics": {
            "width": 11,
            "height": 15,
            "left": 1,
            "top": -12,
            "advance": 13
          },
          "rect": {
            "x": 0,
            "y": 0,
            "w": 32,
            "h": 32
          }
        },
        {
          "glyph": 98,
          "imageName": null,
          "x": -19.5,
          "y": -5,
          "vertical": false,
          "scale": 1,
          "fontStack": "Test",
          "sectionIndex": 0,
          "metrics": {
            "width": 12,
            "height": 20,
            "left": 2,
            "top": -7,
            "advance": 14
          },
          "rect": {
            "x": 0,
            "y": 0,
            "w": 32,
            "h": 32
          }
        },
        {
          "glyph": 99,
          "imageName": null,
          "x": -5.5,
          "y": -5,
          "vertical": false,
          "scale": 1,
          "fontStack": "Test",
          "sectionIndex": 0,
          "metrics": {
            "width": 10,
            "height": 15,
            "left": 1,
            "top": -12,
            "advance": 11
          },
          "rect": {
            "x": 0,
            "y": 0,
            "w": 32,
            "h": 32
          }
        },
        {
          "glyph": 100,
          "imageName": null,
          "x": 5.5,
          "y": -5,
          "vertical": false,
          "scale": 1,
          "fontStack": "Test",
          "sectionIndex": 0,
          "metrics": {
            "width": 12,
            "height": 20,
            "left": 1,
            "top": -7,
            "advance": 14
          },
          "rect": {
            "x": 0,
            "y": 0,
            "w": 32,
            "h": 32
          }
        },
        {
          "glyph": 101,
          "imageName": null,
          "x": 19.5,
          "y": -5,
          "vertical": false,
          "scale": 1,
          "fontStack": "Test",
          "sectionIndex": 0,
          "metrics": {
            "width": 12,
            "height": 15,
            "left": 1,
            "top": -12,
            "advance": 13
          },
          "rect": {
            "x": 0,
            "y": 0,
            "w": 32,
            "h": 32
          }
        }
      ],
      "lineOffset": 0
    }
  ],
  "text": "abcde abcde",
  "top": -24,
  "bottom": 24,
  "left": -32.5,
  "right": 32.5,
  "writingMode": 1,
  "iconsInText": false,
  "verticalizable": false
}