{
  "positionedGlyphs": [
    {
      "glyph": 97,
      "x": -38.5,
      "y": -17,
      "vertical": false,
      "scale": 1,
      "fontStack": "Test"
    },
    {
      "glyph": 98,
      "x": -22.5,
      "y": -17,
      "vertical": false,
      "scale": 1,
      "fontStack": "Test"
    },
    {
      "glyph": 99,
      "x": -5.5,
      "y": -17,
      "vertical": false,
      "scale": 1,
      "fontStack": "Test"
    },
    {
      "glyph": 100,
      "x": 8.5,
      "y": -17,
      "vertical": false,
      "scale": 1,
      "fontStack": "Test"
    },
    {
      "glyph": 101,
      "x": 25.5,
      "y": -17,
      "vertical": false,
      "scale": 1,
      "fontStack": "Test"
    }
  ],
  "text": "abcde",
  "top": -12,
  "bottom": 12,
  "left": -38.5,
  "right": 38.5,
  "writingMode": 1
}
